// Jest Snapshot v1, https://goo.gl/fbAQLP

exports[`Pruebas een SearchMovie component Debe haceer match ccon el snapshot 1`] = `
<div>
  <form
    class="input-group"
  >
    <input
      class="form-control"
      data-testid="txSearch"
      placeholder="Escriba el nombre de la pelicula"
      type="text"
      value=""
      width="40"
    />
    <button
      class="btn btn-primary"
      type="button"
    >
      Buscar
    </button>
  </form>
</div>
`;
